// Jest Snapshot v1, https://goo.gl/fbAQLP

exports[`Footer render successfully 1`] = `
<footer
  class="footer"
>
  <div
    class="credits"
  >
    
    Artwork by 
    <a
      href="https://impermanence.co"
      target="_blank"
    >
      Lili Feyerabend
    </a>
     feat. 
    <a
      href="https://ilankatin.com"
      target="_blank"
    >
      ilan katin
    </a>
    , 
    <a
      href="https://linktr.ee/mattiacprodukt"
      target="_blank"
    >
      Mattia Cuttini
    </a>
    , 
    <a
      href="https://oficinastk.github.io"
      target="_blank"
    >
      Oficinas TK
    </a>
    , 
    <a
      href="https://xcopyart.com"
      target="_blank"
    >
      XCOPY
    </a>
    .
  
  </div>
   
  <p
    class="updated-date"
  >
    Website last updated: Nov 06, 2019
  </p>
   
  <ul>
    <li>
      <a
        href="https://github.com/ethereum"
        target="_blank"
      >
        GitHub
      </a>
    </li>
     
    <li>
      <a
        href="https://twitter.com/ethereum"
        target="_blank"
      >
        Twitter
      </a>
    </li>
     
    <li>
      <a
        href="https://blog.ethereum.org/"
      >
        Blog
      </a>
    </li>
     
    <li>
      <router-link-stub
        to="/assets/"
      >
        Brand Assets
      </router-link-stub>
    </li>
     
    <li>
      <router-link-stub
        to="/privacy-policy/"
      >
        Privacy Policy
      </router-link-stub>
    </li>
     
    <li>
      <router-link-stub
        to="/terms-of-use/"
      >
        Terms of Use
      </router-link-stub>
    </li>
     
    <li>
      <router-link-stub
        to="/cookie-policy/"
      >
        Cookie Policy
      </router-link-stub>
    </li>
     
    <li>
      <a
        href="mailto:press@ethereum.org"
      >
        Contact
      </a>
    </li>
     
    <li>
      <router-link-stub
        to="/languages/"
      >
        Language Support
      </router-link-stub>
    </li>
  </ul>
</footer>
`;
