// Jest Snapshot v1, https://goo.gl/fbAQLP

exports[`NavLinks render as sidebar, with navigation and sub-items 1`] = `
<nav
  class="nav-links"
>
  <ul
    class="nav-ul"
  >
    <li
      class="nav-item"
    >
      <dropdownlink-stub
        item="[object Object]"
      />
    </li>
     
    <languagedropdown-stub
      class="nav-item"
    />
  </ul>
</nav>
`;

exports[`NavLinks render as sidebar, with no navigation 1`] = `<!---->`;

exports[`NavLinks render not as sidebar 1`] = `<!---->`;
