// Jest Snapshot v1, https://goo.gl/fbAQLP

exports[`AssetItem render successfully 1`] = `
<div
  class="asset-item"
>
  <a
    href="[object Object]"
    target="_blank"
  >
    <img
      class="asset-image"
      src="[object Object]"
    />
  </a>
   
  <div
    class="asset-download"
  >
    
    Download:
    
    <span>
      <a
        href="[object Object]"
        target="_blank"
      >
        PNG
      </a>
    </span>
     
    <span>
      
      /
      
      <a
        href="[object Object]"
        target="_blank"
      >
        SVG
      </a>
    </span>
     
    <span>
      
      /
      
      <a
        href="[object Object]"
        target="_blank"
      >
        JPG
      </a>
    </span>
  </div>
</div>
`;
