// Jest Snapshot v1, https://goo.gl/fbAQLP

exports[`HomePage render successfully with Deutsch 1`] = `
<div>
  <div
    class="headline-text-container"
  >
    <h1
      class="headline-title"
    >
      Ethereum ist eine globale Open-Source-Plattform für dezentralisierte Anwendungen.
    </h1>
     
    <div
      class="headline-subtitle"
    >
      Auf Ethereum kannst du Code schreiben, der digitale Werte verwaltet, der exakt wie programmiert ausgeführt wird und der von überall auf der Welt zugänglich ist.
    </div>
  </div>
   
  <div
    class="intro-blocks"
  >
    <div
      class="intro-block"
    >
      <h3>
        <router-link-stub
          to="/de/beginners/"
        >
          <span
            class="arrow"
          >
            →
          </span>
          Anfänger
        
        </router-link-stub>
      </h3>
       
      <ul>
        <li
          class="highlight"
        >
          <router-link-stub
            class="black"
            to="/de/beginners/"
          >
            
            Neu bei Ethereum?
          
          </router-link-stub>
        </li>
         
        <li>
          <router-link-stub
            class="black"
            to="/de/beginners/"
          >
            
            Was ist Ethereum?
          
          </router-link-stub>
        </li>
         
        <li>
          <router-link-stub
            class="black"
            to="/de/beginners/"
          >
            
            Welchen Nutzen bringt es mir?
          
          </router-link-stub>
        </li>
      </ul>
    </div>
     
    <div
      class="intro-block"
    >
      <h3>
        <router-link-stub
          to="/de/use/"
        >
          <span
            class="arrow"
          >
            →
          </span>
          Anwendung
        
        </router-link-stub>
      </h3>
       
      <ul>
        <li>
          <router-link-stub
            class="black"
            to="/de/use/#_1-eine-auf-ethereum-basierende-anwendung-verwenden"
          >
            
            Was kann ich schon heute mit Ethereum tun?
          
          </router-link-stub>
        </li>
         
        <li>
          <router-link-stub
            class="black"
            to="/de/use/#_2-was-ist-eth-und-wie-bekomme-ich-es"
          >
            
            Wie komme ich an Ether?
          
          </router-link-stub>
        </li>
         
        <li>
          <router-link-stub
            class="black"
            to="/de/use/#_3-was-ist-eine-wallet-und-welche-sollte-ich-verwenden"
          >
            
            Was ist eine Wallet?
          
          </router-link-stub>
        </li>
      </ul>
    </div>
     
    <div
      class="intro-block"
    >
      <h3>
        <router-link-stub
          to="/de/learn/"
        >
          <span
            class="arrow"
          >
            →
          </span>
          Lernen
        
        </router-link-stub>
      </h3>
       
      <ul>
        <li>
          <router-link-stub
            class="black"
            to="/de/learn/#ethereum-grundlagen"
          >
            
            Die Ethereum-Grundlagen
          
          </router-link-stub>
        </li>
         
        <li>
          <router-link-stub
            class="black"
            to="/de/learn/#wie-ethereum-funktioniert"
          >
            
            Wie Ethereum funktioniert
          
          </router-link-stub>
        </li>
         
        <li>
          <router-link-stub
            class="black"
            to="/de/learn/#eth-2-0"
          >
            
            ETH 2.0
          
          </router-link-stub>
        </li>
      </ul>
    </div>
     
    <div
      class="intro-block"
    >
      <h3>
        <router-link-stub
          to="/de/developers/"
        >
          <span
            class="arrow"
          >
            →
          </span>
          Entwickler
        
        </router-link-stub>
      </h3>
       
      <ul>
        <li>
          <router-link-stub
            class="black"
            to="/de/developers/#erste-schritte"
          >
            
            Erste Schritte
          
          </router-link-stub>
        </li>
         
        <li>
          <router-link-stub
            class="black"
            to="/de/developers/#smart-contract-sprachen"
          >
            
            Lerne Smart Contracts zu programmieren
          
          </router-link-stub>
        </li>
         
        <li>
          <router-link-stub
            class="black"
            to="/de/developers/#entwicklertools"
          >
            
            Finde die neuesten Entwickler-Tools
          
          </router-link-stub>
        </li>
      </ul>
    </div>
     
    <!---->
  </div>
</div>
`;

exports[`HomePage show enterprise with en-US 1`] = `
<div>
  <div
    class="headline-text-container"
  >
    <h1
      class="headline-title"
    >
      Ethereum is a global, open-source platform for decentralized applications.
    </h1>
     
    <div
      class="headline-subtitle"
    >
      On Ethereum, you can write code that controls digital value, runs exactly as programmed, and is accessible anywhere in the world.
    </div>
  </div>
   
  <div
    class="intro-blocks"
  >
    <div
      class="intro-block"
    >
      <h3>
        <router-link-stub
          to="/beginners/"
        >
          <span
            class="arrow"
          >
            →
          </span>
          Beginners
        
        </router-link-stub>
      </h3>
       
      <ul>
        <li
          class="highlight"
        >
          <router-link-stub
            class="black"
            to="/beginners/"
          >
            
            Completely new to Ethereum?
          
          </router-link-stub>
        </li>
         
        <li>
          <router-link-stub
            class="black"
            to="/beginners/"
          >
            
            What is Ethereum?
          
          </router-link-stub>
        </li>
         
        <li>
          <router-link-stub
            class="black"
            to="/beginners/"
          >
            
            Why should I care?
          
          </router-link-stub>
        </li>
      </ul>
    </div>
     
    <div
      class="intro-block"
    >
      <h3>
        <router-link-stub
          to="/use/"
        >
          <span
            class="arrow"
          >
            →
          </span>
          Use
        
        </router-link-stub>
      </h3>
       
      <ul>
        <li>
          <router-link-stub
            class="black"
            to="/use/#_1-use-an-application-built-on-ethereum"
          >
            
            What can I do with Ethereum today?
          
          </router-link-stub>
        </li>
         
        <li>
          <router-link-stub
            class="black"
            to="/use/#_2-what-is-eth-and-how-do-i-get-it"
          >
            
            How do I get Ether?
          
          </router-link-stub>
        </li>
         
        <li>
          <router-link-stub
            class="black"
            to="/use/#_3-what-is-a-wallet-and-which-one-should-i-use"
          >
            
            What's a wallet?
          
          </router-link-stub>
        </li>
      </ul>
    </div>
     
    <div
      class="intro-block"
    >
      <h3>
        <router-link-stub
          to="/learn/"
        >
          <span
            class="arrow"
          >
            →
          </span>
          Learn
        
        </router-link-stub>
      </h3>
       
      <ul>
        <li>
          <router-link-stub
            class="black"
            to="/learn/#ethereum-basics"
          >
            
            Beginner resources
          
          </router-link-stub>
        </li>
         
        <li>
          <router-link-stub
            class="black"
            to="/learn/#how-ethereum-works"
          >
            
            How Ethereum works
          
          </router-link-stub>
        </li>
         
        <li>
          <router-link-stub
            class="black"
            to="/learn/#eth-2-0"
          >
            
            ETH 2.0
          
          </router-link-stub>
        </li>
      </ul>
    </div>
     
    <div
      class="intro-block"
    >
      <h3>
        <router-link-stub
          to="/developers/"
        >
          <span
            class="arrow"
          >
            →
          </span>
          Developers
        
        </router-link-stub>
      </h3>
       
      <ul>
        <li>
          <router-link-stub
            class="black"
            to="/developers/#getting-started"
          >
            
            Getting started guides
          
          </router-link-stub>
        </li>
         
        <li>
          <router-link-stub
            class="black"
            to="/developers/#smart-contract-languages"
          >
            
            Learn to program smart contracts
          
          </router-link-stub>
        </li>
         
        <li>
          <router-link-stub
            class="black"
            to="/developers/#developer-tools"
          >
            
            Find the latest developer tools
          
          </router-link-stub>
        </li>
      </ul>
    </div>
     
    <div
      class="intro-block"
    >
      <h3>
        <router-link-stub
          to="/enterprise/"
        >
          <span
            class="arrow"
          >
            →
          </span>
          Enterprise
        
        </router-link-stub>
      </h3>
       
      <ul>
        <li>
          <router-link-stub
            class="black"
            to="/enterprise/#why-enterprise-ethereum"
          >
            
            Why Enterprise Ethereum?
          
          </router-link-stub>
        </li>
         
        <li>
          <router-link-stub
            class="black"
            to="/enterprise/#enterprise-features"
          >
            
            Enterprise Features
          
          </router-link-stub>
        </li>
         
        <li>
          <router-link-stub
            class="black"
            to="/enterprise/#enterprise-developer-community"
          >
            
            Enterprise Developer Community
          
          </router-link-stub>
        </li>
      </ul>
    </div>
  </div>
</div>
`;
