// Jest Snapshot v1, https://goo.gl/fbAQLP

exports[`renders correctly 1`] = `
<div
  class="fake-msg"
  name="dropdown"
/>
`;
