// Jest Snapshot v1, https://goo.gl/fbAQLP

exports[`renders correctly 1`] = `
<header
  class="header-right flex"
>
  <div
    class="flex"
  >
    <sidebarbutton-stub />
     
    <router-link
      to="/"
    >
      <img
        alt="Ethereum Logo"
        class="header-logo sm-hide"
        src="../images/ethereum-logo-wireframe.png"
      />
    </router-link>
     
    <navlinks-stub
      class="sm-hide"
    />
  </div>
   
  <div
    class="menu inline flex flex-center"
  >
    <searchbox-stub />
     
    <a
      class="sm-hide"
      href="https://github.com/ethereum/ethereum-org-website"
      target="_blank"
      title="Fork This Page (Github)"
    >
      <img
        alt="Github"
        class="hide-dark"
        src="../images/icon-github.svg"
      />
       
      <img
        alt="Github"
        class="show-dark"
        src="../images/icon-github-white.svg"
      />
    </a>
     
    <span
      class="pointer view-mode"
    >
      <img
        alt="Switch to Dark Mode"
        class="hide-dark"
        src="../images/icon-sun.svg"
      />
       
      <img
        alt="Switch to Light Mode"
        class="show-dark"
        src="../images/icon-moon.svg"
      />
    </span>
     
    <languagedropdown-stub
      class="sm-hide"
    />
     
    <router-link
      class="nav-link md-up-hide"
      to="/languages/"
    >
      <languageicon-stub />
    </router-link>
  </div>
</header>
`;
